BL51 BANKED LINKER/LOCATER V6.22                                                        05/04/2026  16:06:58  PAGE 1


BL51 BANKED LINKER/LOCATER V6.22, INVOKED BY:
D:\单片机\51单片机\KLIE5\C51\BIN\BL51.EXE .\Objects\STARTUP.obj, .\Objects\main.obj TO .\Objects\project PRINT (.\Listin
>> gs\project.m51) RAMSIZE (256)


MEMORY MODEL: SMALL


INPUT MODULES INCLUDED:
  .\Objects\STARTUP.obj (?C_STARTUP)
  .\Objects\main.obj (MAIN)


LINK MAP OF MODULE:  .\Objects\project (?C_STARTUP)


            TYPE    BASE      LENGTH    RELOCATION   SEGMENT NAME
            -----------------------------------------------------

            * * * * * * *   D A T A   M E M O R Y   * * * * * * *
            REG     0000H     0008H     ABSOLUTE     "REG BANK 0"
            DATA    0008H     0001H     UNIT         ?DT?MAIN
            IDATA   0009H     0001H     UNIT         ?STACK

            * * * * * * *   C O D E   M E M O R Y   * * * * * * *
            CODE    0000H     0003H     ABSOLUTE     
            CODE    0003H     0056H     UNIT         ?PR?MAIN?MAIN
            CODE    0059H     0019H     UNIT         ?PR?_DELAY?MAIN
            CODE    0072H     000CH     UNIT         ?C_C51STARTUP



OVERLAY MAP OF MODULE:   .\Objects\project (?C_STARTUP)


SEGMENT
  +--> CALLED SEGMENT
---------------------
?C_C51STARTUP
  +--> ?PR?MAIN?MAIN

?PR?MAIN?MAIN
  +--> ?PR?_DELAY?MAIN



SYMBOL TABLE OF MODULE:  .\Objects\project (?C_STARTUP)

  VALUE           TYPE          NAME
  ----------------------------------

  -------         MODULE        ?C_STARTUP
  C:0072H         SEGMENT       ?C_C51STARTUP
  I:0009H         SEGMENT       ?STACK
  C:0000H         PUBLIC        ?C_STARTUP
  D:00E0H         SYMBOL        ACC
  D:00F0H         SYMBOL        B
  D:0083H         SYMBOL        DPH
BL51 BANKED LINKER/LOCATER V6.22                                                      05/04/2026  16:06:58  PAGE 2


  D:0082H         SYMBOL        DPL
  N:0000H         SYMBOL        IBPSTACK
  N:0100H         SYMBOL        IBPSTACKTOP
  N:0080H         SYMBOL        IDATALEN
  C:0075H         SYMBOL        IDATALOOP
  N:0000H         SYMBOL        PBPSTACK
  N:0100H         SYMBOL        PBPSTACKTOP
  N:0000H         SYMBOL        PDATALEN
  N:0000H         SYMBOL        PDATASTART
  N:0000H         SYMBOL        PPAGE
  N:0000H         SYMBOL        PPAGEENABLE
  D:00A0H         SYMBOL        PPAGE_SFR
  D:0081H         SYMBOL        SP
  C:0072H         SYMBOL        STARTUP1
  N:0000H         SYMBOL        XBPSTACK
  N:0000H         SYMBOL        XBPSTACKTOP
  N:0000H         SYMBOL        XDATALEN
  N:0000H         SYMBOL        XDATASTART
  C:0000H         LINE#         126
  C:0072H         LINE#         133
  C:0074H         LINE#         134
  C:0075H         LINE#         135
  C:0076H         LINE#         136
  C:0078H         LINE#         185
  C:007BH         LINE#         196
  -------         ENDMOD        ?C_STARTUP

  -------         MODULE        MAIN
  C:0000H         SYMBOL        _ICE_DUMMY_
  D:00A0H         PUBLIC        P2
  B:00B0H.0       PUBLIC        P3_0
  B:00B0H.1       PUBLIC        P3_1
  C:0003H         PUBLIC        main
  D:0008H         PUBLIC        LEDnum
  C:005DH         PUBLIC        _Delay
  C:0059H         SYMBOL        L?0026
  -------         PROC          L?0025
  -------         ENDPROC       L?0025
  C:0059H         SYMBOL        L?0026
  -------         PROC          _DELAY
  D:0006H         SYMBOL        xms
  -------         DO            
  D:0005H         SYMBOL        i
  D:0004H         SYMBOL        j
  -------         ENDDO         
  C:005DH         LINE#         3
  C:005DH         LINE#         4
  C:005DH         LINE#         6
  C:0067H         LINE#         7
  C:0067H         LINE#         8
  C:0069H         LINE#         9
  C:006BH         LINE#         11
  C:006BH         LINE#         12
  C:006DH         LINE#         13
  C:006FH         LINE#         14
  C:0071H         LINE#         15
  -------         ENDPROC       _DELAY
BL51 BANKED LINKER/LOCATER V6.22                                                      05/04/2026  16:06:58  PAGE 3


  -------         PROC          MAIN
  C:0003H         LINE#         17
  C:0003H         LINE#         18
  C:0003H         LINE#         20
  C:0003H         LINE#         21
  C:0006H         LINE#         22
  C:0009H         LINE#         23
  C:000CH         LINE#         24
  C:000FH         LINE#         26
  C:0011H         LINE#         28
  C:001AH         LINE#         29
  C:001DH         LINE#         30
  C:002DH         LINE#         32
  C:002DH         LINE#         35
  C:0030H         LINE#         36
  C:0033H         LINE#         37
  C:0036H         LINE#         38
  C:0039H         LINE#         39
  C:003BH         LINE#         40
  C:0044H         LINE#         41
  C:0047H         LINE#         42
  C:0057H         LINE#         48
  -------         ENDPROC       MAIN
  -------         ENDMOD        MAIN

Program Size: data=10.0 xdata=0 code=126
LINK/LOCATE RUN COMPLETE.  0 WARNING(S),  0 ERROR(S)
